#-----------------------------------------------------------
# Vivado v2016.2 (64-bit)
# SW Build 1577090 on Thu Jun  2 16:32:40 MDT 2016
# IP Build 1577682 on Fri Jun  3 12:00:54 MDT 2016
# Start of session at: Wed Jun 01 11:08:39 2022
# Process ID: 9288
# Current directory: C:/Users/SURFACE/Desktop/GitHub/CPU/CPU_Project
# Command line: vivado.exe -gui_launcher_event rodinguilauncherevent3104 C:\Users\SURFACE\Desktop\GitHub\CPU\CPU_Project\CPU_Project.xpr
# Log file: C:/Users/SURFACE/Desktop/GitHub/CPU/CPU_Project/vivado.log
# Journal file: C:/Users/SURFACE/Desktop/GitHub/CPU/CPU_Project\vivado.jou
#-----------------------------------------------------------
start_gui
open_project C:/Users/SURFACE/Desktop/GitHub/CPU/CPU_Project/CPU_Project.xpr
update_compile_order -fileset sources_1
launch_simulation
source MIPS.tcl
close_sim
launch_simulation
source MIPS.tcl
close_sim
launch_simulation
source MIPS.tcl
close_sim
launch_simulation
source MIPS.tcl
close_sim
launch_simulation
source MIPS.tcl
close_sim
launch_simulation
